<html>
<body>
<pre>
<h1>µVision Build Log</h1>
<h2>Project:</h2>
E:\v24be5r2\v24be5r2\ARM\UART\uart0.uvproj
Project File Date:  04/11/2025

<h2>Output:</h2>
Build target 'Target 1'
compiling main.c...
compiling delay.c...
compiling lcd4bitDriver.c...
compiling uart_interrupt.c...
uart_interrupt.c(46): error:  #140: too many arguments in function call
uart_interrupt.c(45): error:  #1034: __irq functions must not be the target of a function call
uart_interrupt.c(45): error:  #171: invalid type conversion
compiling uart0_driver.c...
compiling adc_driver.c...
adc_driver.c(29): warning:  #1-D: last line of file ends without a newline
compiling Timer_Intrr.c...
Target not created
Build target 'Target 1'
compiling uart_interrupt.c...
uart_interrupt.c(46): error:  #140: too many arguments in function call
uart_interrupt.c(45): error:  #1034: __irq functions must not be the target of a function call
uart_interrupt.c(45): error:  #171: invalid type conversion
compiling adc_driver.c...
Target not created
Build target 'Target 1'
compiling uart_interrupt.c...
linking...
Program Size: Code=3028 RO-data=48 RW-data=20 ZI-data=1268  
FromELF: creating hex file...
"uart0.axf" - 0 Error(s), 0 Warning(s).
Build target 'Target 1'
compiling main.c...
linking...
Program Size: Code=3044 RO-data=48 RW-data=20 ZI-data=1268  
FromELF: creating hex file...
"uart0.axf" - 0 Error(s), 0 Warning(s).
