<html>
<body>
<pre>
<h1>µVision Build Log</h1>
<h2>Project:</h2>
E:\v24be5r2\v24be5\ARM\UART\uart0.uvproj
Project File Date:  04/10/2025

<h2>Output:</h2>
Build target 'Target 1'
compiling main_adc.c...
main_adc.c(6): warning:  #177-D: variable "i" was declared but never referenced
compiling Timer_Intrr.c...
linking...
Program Size: Code=2052 RO-data=32 RW-data=0 ZI-data=1256  
FromELF: creating hex file...
"uart0.axf" - 0 Error(s), 1 Warning(s).
Build target 'Target 1'
compiling main_adc.c...
main_adc.c(7): warning:  #177-D: variable "i" was declared but never referenced
linking...
Program Size: Code=2664 RO-data=32 RW-data=0 ZI-data=1256  
FromELF: creating hex file...
"uart0.axf" - 0 Error(s), 1 Warning(s).
