<html>
<body>
<pre>
<h1>µVision Build Log</h1>
<h2>Project:</h2>
E:\v24be5r2\v24be5r2\ARM\project_rev_car_parking\nodeB(ultrasonic)\can1rx.uvproj
Project File Date:  05/17/2025

<h2>Output:</h2>
Build target 'Target 1'
assembling Startup.s...
compiling can1_rx_inte.c...
compiling delay.c...
compiling hcsr04.c...
compiling nodeB_driver.c...
compiling nodeB_main.c...
compiling uart0_driver.c...
linking...
Program Size: Code=4580 RO-data=52 RW-data=8 ZI-data=1272  
FromELF: creating hex file...
"nodeB_sensor.axf" - 0 Error(s), 0 Warning(s).
