<html>
<body>
<pre>
<h1>µVision Build Log</h1>
<h2>Project:</h2>
E:\v24be5r2\v24be5r2\ARM\project_rev_car_parking\nodeA_(buzzer)\can2_tx.uvproj
Project File Date:  05/18/2025

<h2>Output:</h2>
Build target 'Target 1'
assembling Startup.s...
compiling uart0_driver.c...
compiling can_rx_inte.c...
compiling delay.c...
compiling eint0.c...
compiling nodeA_driver.c...
compiling nodeA_main.c...
linking...
Program Size: Code=5224 RO-data=52 RW-data=12 ZI-data=1276  
FromELF: creating hex file...
"nodeB_buzzer.axf" - 0 Error(s), 0 Warning(s).
Build target 'Target 1'
assembling Startup.s...
compiling uart0_driver.c...
compiling can_rx_inte.c...
compiling delay.c...
compiling eint0.c...
compiling nodeA_driver.c...
compiling nodeA_main.c...
linking...
Program Size: Code=5224 RO-data=52 RW-data=12 ZI-data=1276  
FromELF: creating hex file...
"nodeA_buzzer.axf" - 0 Error(s), 0 Warning(s).
Build target 'Target 1'
compiling uart0_driver.c...
compiling can_rx_inte.c...
compiling delay.c...
compiling eint0.c...
compiling nodeA_driver.c...
compiling nodeA_main.c...
..\Node A (TX)\nodeA_main.c(9): warning:  #223-D: function "lcd_init" declared implicitly
compiling lcd4bitDriver.c...
..\..\LCD4bit_interfacing\lcd4bitDriver.c(111): warning:  #1-D: last line of file ends without a newline
linking...
Program Size: Code=6020 RO-data=52 RW-data=12 ZI-data=1276  
FromELF: creating hex file...
"nodeA_buzzer.axf" - 0 Error(s), 2 Warning(s).
Build target 'Target 1'
assembling Startup.s...
compiling uart0_driver.c...
compiling can_rx_inte.c...
compiling delay.c...
compiling eint0.c...
compiling nodeA_driver.c...
compiling nodeA_main.c...
compiling lcd4bitDriver.c...
linking...
Program Size: Code=6020 RO-data=52 RW-data=12 ZI-data=1276  
FromELF: creating hex file...
"nodeA_buzzer.axf" - 0 Error(s), 0 Warning(s).
Build target 'Target 1'
assembling Startup.s...
compiling uart0_driver.c...
compiling can_rx_inte.c...
compiling delay.c...
compiling eint0.c...
compiling nodeA_driver.c...
compiling nodeA_main.c...
compiling lcd4bitDriver.c...
linking...
Program Size: Code=6044 RO-data=52 RW-data=12 ZI-data=1276  
FromELF: creating hex file...
"nodeA_buzzer.axf" - 0 Error(s), 0 Warning(s).
Build target 'Target 1'
assembling Startup.s...
compiling uart0_driver.c...
compiling can_rx_inte.c...
compiling delay.c...
compiling eint0.c...
compiling nodeA_driver.c...
compiling nodeA_main.c...
..\Node A (TX)\nodeA_main.c(35): error:  #65: expected a ";"
..\Node A (TX)\nodeA_main.c(51): error:  #65: expected a ";"
..\Node A (TX)\nodeA_main.c(67): error:  #65: expected a ";"
..\Node A (TX)\nodeA_main.c(83): error:  #65: expected a ";"
..\Node A (TX)\nodeA_main.c(96): error:  #65: expected a ";"
compiling lcd4bitDriver.c...
Target not created
Build target 'Target 1'
assembling Startup.s...
compiling uart0_driver.c...
compiling can_rx_inte.c...
compiling delay.c...
compiling eint0.c...
compiling nodeA_driver.c...
compiling nodeA_main.c...
compiling lcd4bitDriver.c...
linking...
Program Size: Code=6228 RO-data=52 RW-data=12 ZI-data=1276  
FromELF: creating hex file...
"nodeA_buzzer.axf" - 0 Error(s), 0 Warning(s).
Build target 'Target 1'
assembling Startup.s...
compiling uart0_driver.c...
compiling can_rx_inte.c...
compiling delay.c...
compiling eint0.c...
compiling nodeA_driver.c...
compiling nodeA_main.c...
compiling lcd4bitDriver.c...
linking...
Program Size: Code=6236 RO-data=52 RW-data=12 ZI-data=1276  
FromELF: creating hex file...
"nodeA_buzzer.axf" - 0 Error(s), 0 Warning(s).
Build target 'Target 1'
assembling Startup.s...
compiling uart0_driver.c...
compiling can_rx_inte.c...
compiling delay.c...
compiling eint0.c...
compiling nodeA_driver.c...
compiling nodeA_main.c...
compiling lcd4bitDriver.c...
linking...
Program Size: Code=6236 RO-data=52 RW-data=12 ZI-data=1276  
FromELF: creating hex file...
"nodeA_buzzer.axf" - 0 Error(s), 0 Warning(s).
