<html>
<body>
<pre>
<h1>µVision Build Log</h1>
<h2>Project:</h2>
E:\v24be5r2\v24be5r2\ARM\practice\v24be5r2.uvproj
Project File Date:  04/23/2025

<h2>Output:</h2>
Build target 'Target 1'
compiling delay.c...
header.h(22): warning:  #1295-D: Deprecated declaration uart0_rx_integer - give arg types
header.h(23): warning:  #1295-D: Deprecated declaration uart0_rx_float - give arg types
compiling lcd_4bit_driver.c...
header.h(22): warning:  #1295-D: Deprecated declaration uart0_rx_integer - give arg types
header.h(23): warning:  #1295-D: Deprecated declaration uart0_rx_float - give arg types
compiling main.c...
header.h(22): warning:  #1295-D: Deprecated declaration uart0_rx_integer - give arg types
header.h(23): warning:  #1295-D: Deprecated declaration uart0_rx_float - give arg types
main.c(14): warning:  #223-D: function "uart0_rx" declared implicitly
main.c(15): warning:  #223-D: function "uart0_tx" declared implicitly
main.c(25): warning:  #1-D: last line of file ends without a newline
compiling uart0driver.c...
header.h(22): warning:  #1295-D: Deprecated declaration uart0_rx_integer - give arg types
header.h(23): warning:  #1295-D: Deprecated declaration uart0_rx_float - give arg types
uart0driver.c(35): error:  #20: identifier "RDR" is undefined
uart0driver.c(48): warning:  #223-D: function "uart0_tx" declared implicitly
uart0driver.c(53): warning:  #223-D: function "uart0_tx" declared implicitly
uart0driver.c(59): warning:  #223-D: function "uart0_tx" declared implicitly
uart0driver.c(66): warning:  #223-D: function "uart0_tx" declared implicitly
uart0driver.c(76): warning:  #223-D: function "uart0_tx" declared implicitly
uart0driver.c(86): warning:  #223-D: function "uart0_tx" declared implicitly
uart0driver.c(104): warning:  #174-D: expression has no effect
uart0driver.c(122): warning:  #174-D: expression has no effect
uart0driver.c(127): warning:  #174-D: expression has no effect
uart0driver.c(132): warning:  #174-D: expression has no effect
uart0driver.c(140): warning:  #1-D: last line of file ends without a newline
Target not created
Build target 'Target 1'
compiling uart0driver.c...
header.h(22): warning:  #1295-D: Deprecated declaration uart0_rx_integer - give arg types
header.h(23): warning:  #1295-D: Deprecated declaration uart0_rx_float - give arg types
uart0driver.c(78): warning:  #223-D: function "uart0_tx_data_data" declared implicitly
uart0driver.c(93): warning:  #223-D: function "uart0_tx" declared implicitly
uart0driver.c(106): warning:  #174-D: expression has no effect
uart0driver.c(124): warning:  #174-D: expression has no effect
uart0driver.c(129): warning:  #174-D: expression has no effect
uart0driver.c(134): warning:  #174-D: expression has no effect
uart0driver.c(142): warning:  #1-D: last line of file ends without a newline
linking...
lcd4bit.axf: Error: L6218E: Undefined symbol uart0_rx (referred from main.o).
lcd4bit.axf: Error: L6218E: Undefined symbol uart0_tx (referred from main.o).
lcd4bit.axf: Error: L6218E: Undefined symbol uart0_tx_data_data (referred from uart0driver.o).
Target not created
Build target 'Target 1'
compiling uart0driver.c...
header.h(22): warning:  #1295-D: Deprecated declaration uart0_rx_integer - give arg types
header.h(23): warning:  #1295-D: Deprecated declaration uart0_rx_float - give arg types
uart0driver.c(106): warning:  #174-D: expression has no effect
uart0driver.c(124): warning:  #174-D: expression has no effect
uart0driver.c(129): warning:  #174-D: expression has no effect
uart0driver.c(134): warning:  #174-D: expression has no effect
linking...
lcd4bit.axf: Error: L6218E: Undefined symbol uart0_rx (referred from main.o).
lcd4bit.axf: Error: L6218E: Undefined symbol uart0_tx (referred from main.o).
Target not created
Build target 'Target 1'
compiling main.c...
header.h(22): warning:  #1295-D: Deprecated declaration uart0_rx_integer - give arg types
header.h(23): warning:  #1295-D: Deprecated declaration uart0_rx_float - give arg types
main.c(25): warning:  #1-D: last line of file ends without a newline
linking...
Program Size: Code=4380 RO-data=96 RW-data=0 ZI-data=1256  
FromELF: creating hex file...
"lcd4bit.axf" - 0 Error(s), 3 Warning(s).
Build target 'Target 1'
compiling delay.c...
header.h(22): warning:  #1295-D: Deprecated declaration uart0_rx_integer - give arg types
header.h(23): warning:  #1295-D: Deprecated declaration uart0_rx_float - give arg types
compiling lcd_4bit_driver.c...
header.h(22): warning:  #1295-D: Deprecated declaration uart0_rx_integer - give arg types
header.h(23): warning:  #1295-D: Deprecated declaration uart0_rx_float - give arg types
compiling main.c...
header.h(22): warning:  #1295-D: Deprecated declaration uart0_rx_integer - give arg types
header.h(23): warning:  #1295-D: Deprecated declaration uart0_rx_float - give arg types
compiling uart0driver.c...
header.h(22): warning:  #1295-D: Deprecated declaration uart0_rx_integer - give arg types
header.h(23): warning:  #1295-D: Deprecated declaration uart0_rx_float - give arg types
uart0driver.c(106): warning:  #174-D: expression has no effect
uart0driver.c(124): warning:  #174-D: expression has no effect
uart0driver.c(129): warning:  #174-D: expression has no effect
uart0driver.c(134): warning:  #174-D: expression has no effect
linking...
Program Size: Code=4396 RO-data=104 RW-data=0 ZI-data=1256  
FromELF: creating hex file...
"lcd4bit.axf" - 0 Error(s), 12 Warning(s).
Build target 'Target 1'
compiling delay.c...
header.h(22): warning:  #1295-D: Deprecated declaration uart0_rx_integer - give arg types
header.h(23): warning:  #1295-D: Deprecated declaration uart0_rx_float - give arg types
compiling lcd_4bit_driver.c...
header.h(22): warning:  #1295-D: Deprecated declaration uart0_rx_integer - give arg types
header.h(23): warning:  #1295-D: Deprecated declaration uart0_rx_float - give arg types
compiling main.c...
header.h(22): warning:  #1295-D: Deprecated declaration uart0_rx_integer - give arg types
header.h(23): warning:  #1295-D: Deprecated declaration uart0_rx_float - give arg types
compiling uart0driver.c...
header.h(22): warning:  #1295-D: Deprecated declaration uart0_rx_integer - give arg types
header.h(23): warning:  #1295-D: Deprecated declaration uart0_rx_float - give arg types
uart0driver.c(106): warning:  #174-D: expression has no effect
uart0driver.c(124): warning:  #174-D: expression has no effect
uart0driver.c(129): warning:  #174-D: expression has no effect
uart0driver.c(134): warning:  #174-D: expression has no effect
linking...
Program Size: Code=4396 RO-data=104 RW-data=0 ZI-data=1256  
FromELF: creating hex file...
"lcd4bit.axf" - 0 Error(s), 12 Warning(s).
Build target 'Target 1'
compiling main.c...
header.h(22): warning:  #1295-D: Deprecated declaration uart0_rx_integer - give arg types
header.h(23): warning:  #1295-D: Deprecated declaration uart0_rx_float - give arg types
linking...
Program Size: Code=4396 RO-data=104 RW-data=0 ZI-data=1256  
FromELF: creating hex file...
"lcd4bit.axf" - 0 Error(s), 2 Warning(s).
Build target 'Target 1'
assembling Startup.s...
compiling delay.c...
header.h(22): warning:  #1295-D: Deprecated declaration uart0_rx_integer - give arg types
header.h(23): warning:  #1295-D: Deprecated declaration uart0_rx_float - give arg types
compiling lcd_4bit_driver.c...
header.h(22): warning:  #1295-D: Deprecated declaration uart0_rx_integer - give arg types
header.h(23): warning:  #1295-D: Deprecated declaration uart0_rx_float - give arg types
compiling main.c...
header.h(22): warning:  #1295-D: Deprecated declaration uart0_rx_integer - give arg types
header.h(23): warning:  #1295-D: Deprecated declaration uart0_rx_float - give arg types
compiling uart0driver.c...
header.h(22): warning:  #1295-D: Deprecated declaration uart0_rx_integer - give arg types
header.h(23): warning:  #1295-D: Deprecated declaration uart0_rx_float - give arg types
uart0driver.c(7): warning:  #520-D: initialization with "{...}" expected for aggregate object
uart0driver.c(7): error:  #57: this operator is not allowed in a constant expression
uart0driver.c(6): warning:  #177-D: variable "arr" was declared but never referenced
uart0driver.c(107): warning:  #174-D: expression has no effect
uart0driver.c(125): warning:  #174-D: expression has no effect
uart0driver.c(130): warning:  #174-D: expression has no effect
uart0driver.c(135): warning:  #174-D: expression has no effect
Target not created
Build target 'Target 1'
compiling uart0driver.c...
header.h(22): warning:  #1295-D: Deprecated declaration uart0_rx_integer - give arg types
header.h(23): warning:  #1295-D: Deprecated declaration uart0_rx_float - give arg types
uart0driver.c(107): warning:  #174-D: expression has no effect
uart0driver.c(125): warning:  #174-D: expression has no effect
uart0driver.c(130): warning:  #174-D: expression has no effect
uart0driver.c(135): warning:  #174-D: expression has no effect
linking...
Program Size: Code=4396 RO-data=104 RW-data=0 ZI-data=1256  
FromELF: creating hex file...
"lcd4bit.axf" - 0 Error(s), 6 Warning(s).
Build target 'Target 1'
assembling Startup.s...
compiling delay.c...
header.h(22): warning:  #1295-D: Deprecated declaration uart0_rx_integer - give arg types
header.h(23): warning:  #1295-D: Deprecated declaration uart0_rx_float - give arg types
compiling lcd_4bit_driver.c...
header.h(22): warning:  #1295-D: Deprecated declaration uart0_rx_integer - give arg types
header.h(23): warning:  #1295-D: Deprecated declaration uart0_rx_float - give arg types
compiling main.c...
header.h(22): warning:  #1295-D: Deprecated declaration uart0_rx_integer - give arg types
header.h(23): warning:  #1295-D: Deprecated declaration uart0_rx_float - give arg types
compiling uart0driver.c...
header.h(22): warning:  #1295-D: Deprecated declaration uart0_rx_integer - give arg types
header.h(23): warning:  #1295-D: Deprecated declaration uart0_rx_float - give arg types
uart0driver.c(107): warning:  #174-D: expression has no effect
uart0driver.c(125): warning:  #174-D: expression has no effect
uart0driver.c(130): warning:  #174-D: expression has no effect
uart0driver.c(135): warning:  #174-D: expression has no effect
linking...
Program Size: Code=4448 RO-data=104 RW-data=0 ZI-data=1256  
FromELF: creating hex file...
"lcd4bit.axf" - 0 Error(s), 12 Warning(s).
Build target 'Target 1'
assembling Startup.s...
compiling delay.c...
header.h(22): warning:  #1295-D: Deprecated declaration uart0_rx_integer - give arg types
header.h(23): warning:  #1295-D: Deprecated declaration uart0_rx_float - give arg types
compiling lcd_4bit_driver.c...
header.h(22): warning:  #1295-D: Deprecated declaration uart0_rx_integer - give arg types
header.h(23): warning:  #1295-D: Deprecated declaration uart0_rx_float - give arg types
compiling main.c...
header.h(22): warning:  #1295-D: Deprecated declaration uart0_rx_integer - give arg types
header.h(23): warning:  #1295-D: Deprecated declaration uart0_rx_float - give arg types
compiling uart0driver.c...
header.h(22): warning:  #1295-D: Deprecated declaration uart0_rx_integer - give arg types
header.h(23): warning:  #1295-D: Deprecated declaration uart0_rx_float - give arg types
uart0driver.c(107): warning:  #174-D: expression has no effect
uart0driver.c(125): warning:  #174-D: expression has no effect
uart0driver.c(130): warning:  #174-D: expression has no effect
uart0driver.c(135): warning:  #174-D: expression has no effect
linking...
Program Size: Code=4448 RO-data=104 RW-data=0 ZI-data=1256  
FromELF: creating hex file...
"uart0.axf" - 0 Error(s), 12 Warning(s).
Build target 'Target 1'
assembling Startup.s...
compiling delay.c...
header.h(22): warning:  #1295-D: Deprecated declaration uart0_rx_integer - give arg types
header.h(23): warning:  #1295-D: Deprecated declaration uart0_rx_float - give arg types
compiling lcd_4bit_driver.c...
header.h(22): warning:  #1295-D: Deprecated declaration uart0_rx_integer - give arg types
header.h(23): warning:  #1295-D: Deprecated declaration uart0_rx_float - give arg types
compiling main.c...
header.h(22): warning:  #1295-D: Deprecated declaration uart0_rx_integer - give arg types
header.h(23): warning:  #1295-D: Deprecated declaration uart0_rx_float - give arg types
compiling uart0driver.c...
header.h(22): warning:  #1295-D: Deprecated declaration uart0_rx_integer - give arg types
header.h(23): warning:  #1295-D: Deprecated declaration uart0_rx_float - give arg types
uart0driver.c(107): warning:  #174-D: expression has no effect
uart0driver.c(125): warning:  #174-D: expression has no effect
uart0driver.c(130): warning:  #174-D: expression has no effect
uart0driver.c(135): warning:  #174-D: expression has no effect
linking...
Program Size: Code=4448 RO-data=104 RW-data=0 ZI-data=1256  
FromELF: creating hex file...
"uart0.axf" - 0 Error(s), 12 Warning(s).
Build target 'Target 1'
compiling main.c...
header.h(22): warning:  #1295-D: Deprecated declaration uart0_rx_integer - give arg types
header.h(23): warning:  #1295-D: Deprecated declaration uart0_rx_float - give arg types
main.c(17): warning:  #1-D: last line of file ends without a newline
linking...
Program Size: Code=4232 RO-data=16 RW-data=0 ZI-data=1256  
FromELF: creating hex file...
"uart0.axf" - 0 Error(s), 3 Warning(s).
Build target 'Target 1'
compiling delay.c...
header.h(22): warning:  #1295-D: Deprecated declaration uart0_rx_integer - give arg types
header.h(23): warning:  #1295-D: Deprecated declaration uart0_rx_float - give arg types
compiling lcd_4bit_driver.c...
header.h(22): warning:  #1295-D: Deprecated declaration uart0_rx_integer - give arg types
header.h(23): warning:  #1295-D: Deprecated declaration uart0_rx_float - give arg types
compiling main.c...
header.h(22): warning:  #1295-D: Deprecated declaration uart0_rx_integer - give arg types
header.h(23): warning:  #1295-D: Deprecated declaration uart0_rx_float - give arg types
main.c(102): warning:  #174-D: expression has no effect
main.c(102): warning:  #174-D: expression has no effect
main.c(154): warning:  #1-D: last line of file ends without a newline
compiling uart0driver.c...
header.h(22): warning:  #1295-D: Deprecated declaration uart0_rx_integer - give arg types
header.h(23): warning:  #1295-D: Deprecated declaration uart0_rx_float - give arg types
uart0driver.c(107): warning:  #174-D: expression has no effect
uart0driver.c(125): warning:  #174-D: expression has no effect
uart0driver.c(130): warning:  #174-D: expression has no effect
uart0driver.c(135): warning:  #174-D: expression has no effect
compiling uart0_intrpt.c...
header.h(22): warning:  #1295-D: Deprecated declaration uart0_rx_integer - give arg types
header.h(23): warning:  #1295-D: Deprecated declaration uart0_rx_float - give arg types
uart0_intrpt.c(2): error:  #81: more than one storage class may not be specified
uart0_intrpt.c(28): warning:  #1-D: last line of file ends without a newline
Target not created
Build target 'Target 1'
compiling main.c...
header.h(22): warning:  #1295-D: Deprecated declaration uart0_rx_integer - give arg types
header.h(23): warning:  #1295-D: Deprecated declaration uart0_rx_float - give arg types
main.c(102): warning:  #174-D: expression has no effect
main.c(102): warning:  #174-D: expression has no effect
compiling uart0_intrpt.c...
header.h(22): warning:  #1295-D: Deprecated declaration uart0_rx_integer - give arg types
header.h(23): warning:  #1295-D: Deprecated declaration uart0_rx_float - give arg types
uart0_intrpt.c(2): error:  #81: more than one storage class may not be specified
Target not created
Build target 'Target 1'
compiling uart0_intrpt.c...
header.h(22): warning:  #1295-D: Deprecated declaration uart0_rx_integer - give arg types
header.h(23): warning:  #1295-D: Deprecated declaration uart0_rx_float - give arg types
uart0_intrpt.c(2): error:  #81: more than one storage class may not be specified
Target not created
Build target 'Target 1'
compiling uart0_intrpt.c...
header.h(22): warning:  #1295-D: Deprecated declaration uart0_rx_integer - give arg types
header.h(23): warning:  #1295-D: Deprecated declaration uart0_rx_float - give arg types
uart0_intrpt.c(2): error:  #81: more than one storage class may not be specified
uart0_intrpt.c(2): warning:  #260-D: explicit type is missing ("int" assumed)
Target not created
