<html>
<body>
<pre>
<h1>µVision Build Log</h1>
<h2>Project:</h2>
E:\v24be5r2\v24be5\ARM\practice\lcd8.uvproj
Project File Date:  02/18/2025

<h2>Output:</h2>
Build target 'Target 1'
compiling main.c...
main.c(20): warning:  #1-D: last line of file ends without a newline
linking...
Program Size: Code=1864 RO-data=16 RW-data=0 ZI-data=1256  
FromELF: creating hex file...
"lcd81111.axf" - 0 Error(s), 1 Warning(s).
Build target 'Target 1'
compiling main.c...
main.c(4): warning:  #177-D: variable "i" was declared but never referenced
main.c(4): warning:  #177-D: variable "temp" was declared but never referenced
main.c(21): warning:  #1-D: last line of file ends without a newline
compiling lcd4bitDriver.c...
linking...
Program Size: Code=1412 RO-data=16 RW-data=0 ZI-data=1256  
FromELF: creating hex file...
"lcd81111.axf" - 0 Error(s), 3 Warning(s).
Build target 'Target 1'
compiling main.c...
main.c(4): warning:  #177-D: variable "i" was declared but never referenced
main.c(4): warning:  #177-D: variable "temp" was declared but never referenced
main.c(22): warning:  #1-D: last line of file ends without a newline
linking...
Program Size: Code=1420 RO-data=16 RW-data=0 ZI-data=1256  
FromELF: creating hex file...
"lcd81111.axf" - 0 Error(s), 3 Warning(s).
Build target 'Target 1'
compiling main.c...
main.c(4): warning:  #177-D: variable "i" was declared but never referenced
main.c(4): warning:  #177-D: variable "temp" was declared but never referenced
main.c(22): warning:  #1-D: last line of file ends without a newline
compiling lcd8bitdriver.c...
lcd8bitdriver.c(3): error:  #147-D: declaration is incompatible with "void lcd_data(unsigned char)" (declared at line 6 of "header.h")
lcd8bitdriver.c(14): error:  #147-D: declaration is incompatible with "void lcd_cmd(unsigned char)" (declared at line 8 of "header.h")
Target not created
Build target 'Target 1'
compiling lcd8bitdriver.c...
linking...
Program Size: Code=1196 RO-data=16 RW-data=0 ZI-data=1256  
FromELF: creating hex file...
"lcd81111.axf" - 0 Error(s), 0 Warning(s).
Build target 'Target 1'
compiling main.c...
main.c(21): warning:  #1-D: last line of file ends without a newline
linking...
Program Size: Code=1640 RO-data=16 RW-data=0 ZI-data=1256  
FromELF: creating hex file...
"lcd81111.axf" - 0 Error(s), 1 Warning(s).
Build target 'Target 1'
compiling main.c...
main.c(21): warning:  #1-D: last line of file ends without a newline
linking...
Program Size: Code=1640 RO-data=16 RW-data=0 ZI-data=1256  
FromELF: creating hex file...
"lcd81111.axf" - 0 Error(s), 1 Warning(s).
