<html>
<body>
<pre>
<h1>µVision Build Log</h1>
<h2>Project:</h2>
E:\v24be5r2\v24be5\ARM\practice\lcd8.uvproj
Project File Date:  02/15/2025

<h2>Output:</h2>
Build target 'Target 1'
compiling main.c...
linking...
Program Size: Code=800 RO-data=16 RW-data=0 ZI-data=1256  
FromELF: creating hex file...
"lcd8.axf" - 0 Error(s), 0 Warning(s).
Build target 'Target 1'
compiling main.c...
linking...
Program Size: Code=824 RO-data=16 RW-data=0 ZI-data=1256  
FromELF: creating hex file...
"lcd8.axf" - 0 Error(s), 0 Warning(s).
Build target 'Target 1'
linking...
Program Size: Code=824 RO-data=16 RW-data=0 ZI-data=1256  
FromELF: creating hex file...
"lcd8.axf" - 0 Error(s), 0 Warning(s).
Build target 'Target 1'
compiling main.c...
linking...
Program Size: Code=800 RO-data=16 RW-data=0 ZI-data=1256  
FromELF: creating hex file...
"lcd8.axf" - 0 Error(s), 0 Warning(s).
Build target 'Target 1'
compiling main.c...
linking...
Program Size: Code=832 RO-data=16 RW-data=0 ZI-data=1256  
FromELF: creating hex file...
"lcd8.axf" - 0 Error(s), 0 Warning(s).
Build target 'Target 1'
linking...
Program Size: Code=832 RO-data=16 RW-data=0 ZI-data=1256  
FromELF: creating hex file...
"lcd8.axf" - 0 Error(s), 0 Warning(s).
Build target 'Target 1'
compiling main.c...
main.c(6): warning:  #223-D: function "lcd_init" declared implicitly
main.c(11): warning:  #223-D: function "lcd_data" declared implicitly
compiling lcd_8bit_driver.c...
linking...
Program Size: Code=1156 RO-data=16 RW-data=0 ZI-data=1256  
FromELF: creating hex file...
"lcd8.axf" - 0 Error(s), 2 Warning(s).
Build target 'Target 1'
compiling main.c...
header.h(7): warning:  #1-D: last line of file ends without a newline
linking...
Program Size: Code=1160 RO-data=16 RW-data=0 ZI-data=1256  
FromELF: creating hex file...
"lcd8.axf" - 0 Error(s), 1 Warning(s).
Build target 'Target 1'
compiling main.c...
linking...
Program Size: Code=1160 RO-data=16 RW-data=0 ZI-data=1256  
FromELF: creating hex file...
"lcd8.axf" - 0 Error(s), 0 Warning(s).
Build target 'Target 1'
assembling Startup.s...
compiling main.c...
compiling delay.c...
compiling ledblink.c...
ledblink.c(1): warning:  #1-D: last line of file ends without a newline
compiling lcd_8bit_driver.c...
linking...
Program Size: Code=1160 RO-data=16 RW-data=0 ZI-data=1256  
FromELF: creating hex file...
"lcd81111.axf" - 0 Error(s), 1 Warning(s).
Build target 'Target 1'
compiling main.c...
main.c(12): warning:  #223-D: function "lcd_cmd" declared implicitly
linking...
Program Size: Code=1596 RO-data=16 RW-data=0 ZI-data=1256  
FromELF: creating hex file...
"lcd81111.axf" - 0 Error(s), 1 Warning(s).
Build target 'Target 1'
compiling main.c...
header.h(8): warning:  #1-D: last line of file ends without a newline
main.c(12): warning:  #223-D: function "lcd_cmd" declared implicitly
linking...
Program Size: Code=1596 RO-data=16 RW-data=0 ZI-data=1256  
FromELF: creating hex file...
"lcd81111.axf" - 0 Error(s), 2 Warning(s).
Build target 'Target 1'
compiling main.c...
linking...
Program Size: Code=1596 RO-data=16 RW-data=0 ZI-data=1256  
FromELF: creating hex file...
"lcd81111.axf" - 0 Error(s), 0 Warning(s).
Build target 'Target 1'
compiling main.c...
linking...
Program Size: Code=1596 RO-data=16 RW-data=0 ZI-data=1256  
FromELF: creating hex file...
"lcd81111.axf" - 0 Error(s), 0 Warning(s).
Build target 'Target 1'
compiling main.c...
linking...
Program Size: Code=1168 RO-data=16 RW-data=0 ZI-data=1256  
FromELF: creating hex file...
"lcd81111.axf" - 0 Error(s), 0 Warning(s).
Build target 'Target 1'
compiling main.c...
linking...
Program Size: Code=1160 RO-data=16 RW-data=0 ZI-data=1256  
FromELF: creating hex file...
"lcd81111.axf" - 0 Error(s), 0 Warning(s).
Build target 'Target 1'
compiling main.c...
linking...
Program Size: Code=1172 RO-data=16 RW-data=0 ZI-data=1256  
FromELF: creating hex file...
"lcd81111.axf" - 0 Error(s), 0 Warning(s).
Build target 'Target 1'
compiling main.c...
main.c(20): error: At end of source:  #67: expected a "}"
Target not created
Build target 'Target 1'
compiling main.c...
linking...
Program Size: Code=1180 RO-data=16 RW-data=0 ZI-data=1256  
FromELF: creating hex file...
"lcd81111.axf" - 0 Error(s), 0 Warning(s).
Build target 'Target 1'
compiling main.c...
linking...
Program Size: Code=1624 RO-data=16 RW-data=0 ZI-data=1256  
FromELF: creating hex file...
"lcd81111.axf" - 0 Error(s), 0 Warning(s).
Build target 'Target 1'
compiling main.c...
linking...
Program Size: Code=1616 RO-data=16 RW-data=0 ZI-data=1256  
FromELF: creating hex file...
"lcd81111.axf" - 0 Error(s), 0 Warning(s).
Build target 'Target 1'
compiling main.c...
linking...
Program Size: Code=1624 RO-data=16 RW-data=0 ZI-data=1256  
FromELF: creating hex file...
"lcd81111.axf" - 0 Error(s), 0 Warning(s).
Build target 'Target 1'
compiling main.c...
main.c(4): warning:  #223-D: function "lcd_int" declared implicitly
compiling lcd4bitDriver.c...
lcd4bitDriver.c(2): error:  #5: cannot open source input file "lcd_header.h": No such file or directory
Target not created
Build target 'Target 1'
compiling lcd4bitDriver.c...
linking...
lcd81111.axf: Error: L6218E: Undefined symbol lcd_int (referred from main.o).
Target not created
Build target 'Target 1'
compiling main.c...
linking...
Program Size: Code=1284 RO-data=16 RW-data=0 ZI-data=1256  
FromELF: creating hex file...
"lcd81111.axf" - 0 Error(s), 0 Warning(s).
Build target 'Target 1'
compiling main.c...
linking...
Program Size: Code=1276 RO-data=16 RW-data=0 ZI-data=1256  
FromELF: creating hex file...
"lcd81111.axf" - 0 Error(s), 0 Warning(s).
Build target 'Target 1'
compiling main.c...
linking...
Program Size: Code=1308 RO-data=16 RW-data=0 ZI-data=1256  
FromELF: creating hex file...
"lcd81111.axf" - 0 Error(s), 0 Warning(s).
Build target 'Target 1'
compiling main.c...
linking...
Program Size: Code=1316 RO-data=16 RW-data=0 ZI-data=1256  
FromELF: creating hex file...
"lcd81111.axf" - 0 Error(s), 0 Warning(s).
Build target 'Target 1'
compiling main.c...
linking...
Program Size: Code=1316 RO-data=16 RW-data=0 ZI-data=1256  
FromELF: creating hex file...
"lcd81111.axf" - 0 Error(s), 0 Warning(s).
Build target 'Target 1'
compiling main.c...
main.c(16): error:  #79: expected a type specifier
main.c(16): warning:  #77-D: this declaration has no storage class or type specifier
main.c(16): error:  #147: declaration is incompatible with "void delay_ms(unsigned int)" (declared at line 2 of "header.h")
Target not created
