<html>
<body>
<pre>
<h1>µVision Build Log</h1>
<h2>Project:</h2>
E:\v24be5r2\v24be5r2\ARM\practice\v24be5r2.uvproj
Project File Date:  04/25/2025

<h2>Output:</h2>
Build target 'Target 1'
compiling delay.c...
compiling lcd_4bit_driver.c...
compiling main.c...
compiling uart0driver.c...
compiling uart0_intrpt.c...
linking...
Program Size: Code=4952 RO-data=32 RW-data=16 ZI-data=1256  
FromELF: creating hex file...
"uart0.axf" - 0 Error(s), 0 Warning(s).
Build target 'Target 1'
compiling uart0_intrpt.c...
linking...
Program Size: Code=4952 RO-data=32 RW-data=16 ZI-data=1256  
FromELF: creating hex file...
"uart0.axf" - 0 Error(s), 0 Warning(s).
Build target 'Target 1'
assembling Startup.s...
compiling delay.c...
compiling lcd_4bit_driver.c...
compiling main.c...
compiling uart0driver.c...
compiling uart0_intrpt.c...
uart0_intrpt.c(26): error:  #20: identifier "ALL_LED" is undefined
Target not created
Build target 'Target 1'
compiling delay.c...
compiling lcd_4bit_driver.c...
compiling main.c...
compiling uart0driver.c...
compiling uart0_intrpt.c...
uart0_intrpt.c(27): error:  #127: expected a statement
Target not created
Build target 'Target 1'
assembling Startup.s...
compiling delay.c...
compiling lcd_4bit_driver.c...
compiling main.c...
compiling uart0driver.c...
compiling uart0_intrpt.c...
uart0_intrpt.c(27): error:  #127: expected a statement
Target not created
Build target 'Target 1'
compiling uart0_intrpt.c...
uart0_intrpt.c(27): error:  #127: expected a statement
Target not created
Build target 'Target 1'
assembling Startup.s...
compiling delay.c...
compiling lcd_4bit_driver.c...
compiling main.c...
compiling uart0driver.c...
compiling uart0_intrpt.c...
uart0_intrpt.c(27): error:  #127: expected a statement
Target not created
Build target 'Target 1'
assembling Startup.s...
compiling delay.c...
compiling lcd_4bit_driver.c...
compiling main.c...
compiling uart0driver.c...
compiling uart0_intrpt.c...
linking...
Program Size: Code=4996 RO-data=32 RW-data=16 ZI-data=1256  
FromELF: creating hex file...
"uart0.axf" - 0 Error(s), 0 Warning(s).
Build target 'Target 1'
assembling Startup.s...
compiling delay.c...
compiling lcd_4bit_driver.c...
compiling main.c...
compiling uart0driver.c...
compiling uart0_intrpt.c...
linking...
Program Size: Code=4996 RO-data=32 RW-data=16 ZI-data=1256  
FromELF: creating hex file...
"uart0.axf" - 0 Error(s), 0 Warning(s).
Build target 'Target 1'
assembling Startup.s...
compiling delay.c...
compiling lcd_4bit_driver.c...
compiling main.c...
compiling uart0driver.c...
compiling uart0_intrpt.c...
linking...
Program Size: Code=5004 RO-data=32 RW-data=20 ZI-data=1260  
FromELF: creating hex file...
"demo.axf" - 0 Error(s), 0 Warning(s).
Build target 'Target 1'
compiling uart0_intrpt.c...
linking...
Program Size: Code=5012 RO-data=32 RW-data=20 ZI-data=1260  
FromELF: creating hex file...
"demo.axf" - 0 Error(s), 0 Warning(s).
Build target 'Target 1'
assembling Startup.s...
compiling delay.c...
compiling lcd_4bit_driver.c...
compiling main.c...
compiling uart0driver.c...
compiling uart0_intrpt.c...
linking...
Program Size: Code=5012 RO-data=32 RW-data=20 ZI-data=1260  
FromELF: creating hex file...
"demo.axf" - 0 Error(s), 0 Warning(s).
Build target 'Target 1'
compiling delay.c...
compiling lcd_4bit_driver.c...
compiling main.c...
compiling uart0driver.c...
compiling uart0_intrpt.c...
uart0_intrpt.c(25): error:  #20: identifier "eint0_handler" is undefined
Target not created
Build target 'Target 1'
compiling uart0_intrpt.c...
linking...
Program Size: Code=5000 RO-data=32 RW-data=20 ZI-data=1260  
FromELF: creating hex file...
"demo.axf" - 0 Error(s), 0 Warning(s).
Build target 'Target 1'
assembling Startup.s...
compiling delay.c...
compiling lcd_4bit_driver.c...
compiling main.c...
compiling uart0driver.c...
compiling uart0_intrpt.c...
linking...
Program Size: Code=4988 RO-data=32 RW-data=20 ZI-data=1260  
FromELF: creating hex file...
"demo.axf" - 0 Error(s), 0 Warning(s).
Build target 'Target 1'
assembling Startup.s...
compiling delay.c...
compiling lcd_4bit_driver.c...
compiling main.c...
compiling uart0driver.c...
compiling uart0_intrpt.c...
linking...
Program Size: Code=4996 RO-data=32 RW-data=20 ZI-data=1260  
FromELF: creating hex file...
"demo.axf" - 0 Error(s), 0 Warning(s).
Build target 'Target 1'
assembling Startup.s...
compiling delay.c...
compiling lcd_4bit_driver.c...
compiling main.c...
compiling uart0driver.c...
compiling uart0_intrpt.c...
linking...
Program Size: Code=4996 RO-data=32 RW-data=20 ZI-data=1260  
FromELF: creating hex file...
"demo.axf" - 0 Error(s), 0 Warning(s).
Build target 'Target 1'
assembling Startup.s...
compiling delay.c...
compiling lcd_4bit_driver.c...
compiling main.c...
compiling uart0driver.c...
compiling uart0_intrpt.c...
linking...
Program Size: Code=4996 RO-data=32 RW-data=20 ZI-data=1260  
FromELF: creating hex file...
"demo123.axf" - 0 Error(s), 0 Warning(s).
Build target 'Target 1'
assembling Startup.s...
compiling delay.c...
compiling lcd_4bit_driver.c...
compiling main.c...
compiling uart0driver.c...
compiling uart0_intrpt.c...
linking...
Program Size: Code=5020 RO-data=32 RW-data=24 ZI-data=1256  
FromELF: creating hex file...
"demo123.axf" - 0 Error(s), 0 Warning(s).
