ARM Linker, 4.1 [Build 791] [Evaluation]

==============================================================================

Section Cross References

    startup.o(STACK) refers (Special) to heapauxi.o(.text) for __use_two_region_memory
    startup.o(HEAP) refers (Special) to heapauxi.o(.text) for __use_two_region_memory
    startup.o(RESET) refers (Special) to heapauxi.o(.text) for __use_two_region_memory
    startup.o(RESET) refers to startup.o(STACK) for Stack_Top
    startup.o(RESET) refers to __main.o(!!!main) for __main
    startup.o(.text) refers (Special) to heapauxi.o(.text) for __use_two_region_memory
    startup.o(.text) refers to startup.o(HEAP) for Heap_Mem
    startup.o(.text) refers to startup.o(STACK) for Stack_Mem
    __main.o(!!!main) refers to rtentry.o(.ARM.Collect$$rtentry$$00000000) for __rt_entry
    rtentry.o(.ARM.Collect$$rtentry$$00000000) refers (Special) to rtentry2.o(.ARM.Collect$$rtentry$$0000000A) for __rt_entry_li
    rtentry.o(.ARM.Collect$$rtentry$$00000000) refers (Special) to rtentry2.o(.ARM.Collect$$rtentry$$0000000D) for __rt_entry_main
    rtentry.o(.ARM.Collect$$rtentry$$00000000) refers (Special) to rtentry2.o(.ARM.Collect$$rtentry$$0000000C) for __rt_entry_postli_1
    rtentry.o(.ARM.Collect$$rtentry$$00000000) refers (Special) to rtentry2.o(.ARM.Collect$$rtentry$$00000009) for __rt_entry_postsh_1
    rtentry.o(.ARM.Collect$$rtentry$$00000000) refers (Special) to rtentry2.o(.ARM.Collect$$rtentry$$00000002) for __rt_entry_presh_1
    rtentry.o(.ARM.Collect$$rtentry$$00000000) refers (Special) to rtentry4.o(.ARM.Collect$$rtentry$$00000004) for __rt_entry_sh
    rtentry2.o(.ARM.Collect$$rtentry$$00000008) refers to boardinit2.o(.text) for _platform_post_stackheap_init
    rtentry2.o(.ARM.Collect$$rtentry$$0000000A) refers to libinit.o(.ARM.Collect$$libinit$$00000000) for __rt_lib_init
    rtentry2.o(.ARM.Collect$$rtentry$$0000000B) refers to boardinit3.o(.text) for _platform_post_lib_init
    rtentry2.o(.ARM.Collect$$rtentry$$0000000D) refers to exit.o(.text) for exit
    rtentry2.o(.ARM.exidx) refers to rtentry2.o(.ARM.Collect$$rtentry$$00000001) for .ARM.Collect$$rtentry$$00000001
    rtentry2.o(.ARM.exidx) refers to rtentry2.o(.ARM.Collect$$rtentry$$00000008) for .ARM.Collect$$rtentry$$00000008
    rtentry2.o(.ARM.exidx) refers to rtentry2.o(.ARM.Collect$$rtentry$$0000000A) for .ARM.Collect$$rtentry$$0000000A
    rtentry2.o(.ARM.exidx) refers to rtentry2.o(.ARM.Collect$$rtentry$$0000000B) for .ARM.Collect$$rtentry$$0000000B
    rtentry2.o(.ARM.exidx) refers to rtentry2.o(.ARM.Collect$$rtentry$$0000000D) for .ARM.Collect$$rtentry$$0000000D
    rtentry4.o(.ARM.Collect$$rtentry$$00000004) refers to sys_stackheap_outer.o(.text) for __user_setup_stackheap
    rtentry4.o(.ARM.exidx) refers to rtentry4.o(.ARM.Collect$$rtentry$$00000004) for .ARM.Collect$$rtentry$$00000004
    sys_stackheap_outer.o(.text) refers to libspace.o(.text) for __user_perproc_libspace
    sys_stackheap_outer.o(.text) refers to startup.o(.text) for __user_initial_stackheap
    exit.o(.text) refers to rtexit.o(.ARM.Collect$$rtexit$$00000000) for __rt_exit
    libinit.o(.ARM.Collect$$libinit$$00000000) refers (Special) to libinit2.o(.ARM.Collect$$libinit$$0000002A) for __rt_lib_init_alloca_1
    libinit.o(.ARM.Collect$$libinit$$00000000) refers (Special) to libinit2.o(.ARM.Collect$$libinit$$00000023) for __rt_lib_init_argv_1
    libinit.o(.ARM.Collect$$libinit$$00000000) refers (Special) to libinit2.o(.ARM.Collect$$libinit$$00000017) for __rt_lib_init_atexit_1
    libinit.o(.ARM.Collect$$libinit$$00000000) refers (Special) to libinit2.o(.ARM.Collect$$libinit$$0000001D) for __rt_lib_init_clock_1
    libinit.o(.ARM.Collect$$libinit$$00000000) refers (Special) to libinit2.o(.ARM.Collect$$libinit$$0000002E) for __rt_lib_init_cpp_1
    libinit.o(.ARM.Collect$$libinit$$00000000) refers (Special) to libinit2.o(.ARM.Collect$$libinit$$0000002C) for __rt_lib_init_exceptions_1
    libinit.o(.ARM.Collect$$libinit$$00000000) refers (Special) to libinit2.o(.ARM.Collect$$libinit$$0000001B) for __rt_lib_init_fp_trap_1
    libinit.o(.ARM.Collect$$libinit$$00000000) refers (Special) to libinit2.o(.ARM.Collect$$libinit$$0000001F) for __rt_lib_init_getenv_1
    libinit.o(.ARM.Collect$$libinit$$00000000) refers (Special) to libinit2.o(.ARM.Collect$$libinit$$00000006) for __rt_lib_init_heap_1
    libinit.o(.ARM.Collect$$libinit$$00000000) refers (Special) to libinit2.o(.ARM.Collect$$libinit$$0000000D) for __rt_lib_init_lc_collate_1
    libinit.o(.ARM.Collect$$libinit$$00000000) refers (Special) to libinit2.o(.ARM.Collect$$libinit$$0000000F) for __rt_lib_init_lc_ctype_1
    libinit.o(.ARM.Collect$$libinit$$00000000) refers (Special) to libinit2.o(.ARM.Collect$$libinit$$00000011) for __rt_lib_init_lc_monetary_1
    libinit.o(.ARM.Collect$$libinit$$00000000) refers (Special) to libinit2.o(.ARM.Collect$$libinit$$00000013) for __rt_lib_init_lc_numeric_1
    libinit.o(.ARM.Collect$$libinit$$00000000) refers (Special) to libinit2.o(.ARM.Collect$$libinit$$00000015) for __rt_lib_init_lc_time_1
    libinit.o(.ARM.Collect$$libinit$$00000000) refers (Special) to libinit2.o(.ARM.Collect$$libinit$$0000000A) for __rt_lib_init_rand_1
    libinit.o(.ARM.Collect$$libinit$$00000000) refers (Special) to libinit2.o(.ARM.Collect$$libinit$$0000002F) for __rt_lib_init_return
    libinit.o(.ARM.Collect$$libinit$$00000000) refers (Special) to libinit2.o(.ARM.Collect$$libinit$$00000019) for __rt_lib_init_signal_1
    libinit.o(.ARM.Collect$$libinit$$00000000) refers (Special) to libinit2.o(.ARM.Collect$$libinit$$00000021) for __rt_lib_init_stdio_1
    libinit.o(.ARM.Collect$$libinit$$00000000) refers (Special) to libinit2.o(.ARM.Collect$$libinit$$00000008) for __rt_lib_init_user_alloc_1
    libinit.o(.ARM.Collect$$libinit$$00000000) refers to fpinit.o(x$fpl$fpinit) for _fp_init
    libspace.o(.text) refers to libspace.o(.bss) for __libspace_start
    rtexit.o(.ARM.Collect$$rtexit$$00000000) refers (Special) to rtexit2.o(.ARM.Collect$$rtexit$$00000004) for __rt_exit_exit
    rtexit.o(.ARM.Collect$$rtexit$$00000000) refers (Special) to rtexit2.o(.ARM.Collect$$rtexit$$00000003) for __rt_exit_ls
    rtexit.o(.ARM.Collect$$rtexit$$00000000) refers (Special) to rtexit2.o(.ARM.Collect$$rtexit$$00000002) for __rt_exit_prels_1
    rtexit.o(.ARM.exidx) refers (Special) to rtexit2.o(.ARM.Collect$$rtexit$$00000004) for __rt_exit_exit
    rtexit.o(.ARM.exidx) refers (Special) to rtexit2.o(.ARM.Collect$$rtexit$$00000003) for __rt_exit_ls
    rtexit.o(.ARM.exidx) refers (Special) to rtexit2.o(.ARM.Collect$$rtexit$$00000002) for __rt_exit_prels_1
    rtexit.o(.ARM.exidx) refers to rtexit.o(.ARM.Collect$$rtexit$$00000000) for .ARM.Collect$$rtexit$$00000000
    libinit2.o(.ARM.Collect$$libinit$$0000000C) refers to libinit2.o(.ARM.Collect$$libinit$$0000000B) for .ARM.Collect$$libinit$$0000000B
    libinit2.o(.ARM.Collect$$libinit$$0000000E) refers to libinit2.o(.ARM.Collect$$libinit$$0000000B) for .ARM.Collect$$libinit$$0000000B
    libinit2.o(.ARM.Collect$$libinit$$00000010) refers to libinit2.o(.ARM.Collect$$libinit$$0000000B) for .ARM.Collect$$libinit$$0000000B
    libinit2.o(.ARM.Collect$$libinit$$00000012) refers to libinit2.o(.ARM.Collect$$libinit$$0000000B) for .ARM.Collect$$libinit$$0000000B
    libinit2.o(.ARM.Collect$$libinit$$00000014) refers to libinit2.o(.ARM.Collect$$libinit$$0000000B) for .ARM.Collect$$libinit$$0000000B
    libinit2.o(.ARM.Collect$$libinit$$00000022) refers to argv_veneer.o(.emb_text) for __ARM_argv_veneer
    libinit2.o(.ARM.Collect$$libinit$$00000023) refers to argv_veneer.o(.emb_text) for __ARM_argv_veneer
    fpinit.o(x$fpl$fpinit) refers to rt_fp_status_addr_intlibspace.o(.text) for __rt_fp_status_addr
    rtexit2.o(.ARM.Collect$$rtexit$$00000003) refers to libshutdown.o(.ARM.Collect$$libshutdown$$00000000) for __rt_lib_shutdown
    rtexit2.o(.ARM.Collect$$rtexit$$00000004) refers to sys_exit.o(.text) for _sys_exit
    rtexit2.o(.ARM.exidx) refers to rtexit2.o(.ARM.Collect$$rtexit$$00000001) for .ARM.Collect$$rtexit$$00000001
    rtexit2.o(.ARM.exidx) refers to rtexit2.o(.ARM.Collect$$rtexit$$00000003) for .ARM.Collect$$rtexit$$00000003
    rtexit2.o(.ARM.exidx) refers to rtexit2.o(.ARM.Collect$$rtexit$$00000004) for .ARM.Collect$$rtexit$$00000004
    rt_fp_status_addr.o(.text) refers to rt_fp_status_addr.o(.bss) for __rt_fp_status_addr_data
    rt_fp_status_addr_intlibspace.o(.text) refers to libspace.o(.bss) for __libspace_start
    argv_veneer.o(.emb_text) refers to _get_argv_nomalloc.o(.text) for __ARM_get_argv
    sys_exit.o(.text) refers (Special) to use_no_semi.o(.text) for __I$use$semihosting
    sys_exit.o(.text) refers (Special) to indicate_semi.o(.text) for __semihosting_library_function
    _get_argv_nomalloc.o(.text) refers (Special) to hrguard.o(.text) for __heap_region$guard
    _get_argv_nomalloc.o(.text) refers to defsig_rtmem_outer.o(.text) for __rt_SIGRTMEM
    _get_argv_nomalloc.o(.text) refers to sys_command.o(.text) for _sys_command_string
    libshutdown.o(.ARM.Collect$$libshutdown$$00000000) refers (Special) to libshutdown2.o(.ARM.Collect$$libshutdown$$00000006) for __rt_lib_shutdown_fp_trap_1
    libshutdown.o(.ARM.Collect$$libshutdown$$00000000) refers (Special) to libshutdown2.o(.ARM.Collect$$libshutdown$$0000000E) for __rt_lib_shutdown_heap_1
    libshutdown.o(.ARM.Collect$$libshutdown$$00000000) refers (Special) to libshutdown2.o(.ARM.Collect$$libshutdown$$0000000F) for __rt_lib_shutdown_return
    libshutdown.o(.ARM.Collect$$libshutdown$$00000000) refers (Special) to libshutdown2.o(.ARM.Collect$$libshutdown$$00000009) for __rt_lib_shutdown_signal_1
    libshutdown.o(.ARM.Collect$$libshutdown$$00000000) refers (Special) to libshutdown2.o(.ARM.Collect$$libshutdown$$00000003) for __rt_lib_shutdown_stdio_1
    libshutdown.o(.ARM.Collect$$libshutdown$$00000000) refers (Special) to libshutdown2.o(.ARM.Collect$$libshutdown$$0000000B) for __rt_lib_shutdown_user_alloc_1
    sys_command.o(.text) refers (Special) to use_no_semi.o(.text) for __I$use$semihosting
    sys_command.o(.text) refers (Special) to indicate_semi.o(.text) for __semihosting_library_function
    defsig_rtmem_outer.o(.text) refers to defsig_rtmem_inner.o(.text) for __rt_SIGRTMEM_inner
    defsig_rtmem_outer.o(.text) refers to defsig_exit.o(.text) for __sig_exit
    defsig_rtmem_formal.o(.text) refers to rt_raise.o(.text) for __rt_raise
    rt_raise.o(.text) refers to __raise.o(.text) for __raise
    rt_raise.o(.text) refers to sys_exit.o(.text) for _sys_exit
    defsig_exit.o(.text) refers to sys_exit.o(.text) for _sys_exit
    defsig_rtmem_inner.o(.text) refers to defsig_general.o(.text) for __default_signal_display
    __raise.o(.text) refers to __raise.o(i.__ARM_common_call_via_r2) for __ARM_common_call_via_r2
    __raise.o(.text) refers to defsig.o(CL$$defsig) for __default_signal_handler
    defsig_general.o(.text) refers to sys_wrch.o(.text) for _ttywrch
    sys_wrch.o(.text) refers (Special) to use_no_semi.o(.text) for __I$use$semihosting
    sys_wrch.o(.text) refers (Special) to indicate_semi.o(.text) for __semihosting_library_function
    defsig.o(CL$$defsig) refers to defsig_rtmem_inner.o(.text) for __rt_SIGRTMEM_inner
    defsig_abrt_inner.o(.text) refers to defsig_general.o(.text) for __default_signal_display
    defsig_fpe_inner.o(.text) refers to defsig_general.o(.text) for __default_signal_display
    defsig_rtred_inner.o(.text) refers to defsig_general.o(.text) for __default_signal_display
    defsig_stak_inner.o(.text) refers to defsig_general.o(.text) for __default_signal_display
    defsig_pvfn_inner.o(.text) refers to defsig_general.o(.text) for __default_signal_display
    defsig_cppl_inner.o(.text) refers to defsig_general.o(.text) for __default_signal_display
    defsig_segv_inner.o(.text) refers to defsig_general.o(.text) for __default_signal_display
    defsig_other.o(.text) refers to defsig_general.o(.text) for __default_signal_display


==============================================================================

Removing Unused input sections from the image.

    Removing startup.o(RESET), (272 bytes).

1 unused section(s) (total 272 bytes) removed from the image.

==============================================================================

Memory Map of the image

  Image Entry point : 0x00000000

  Load Region LR_1 (Base: 0x00000000, Size: 0x00000374, Max: 0xffffffff, ABSOLUTE)

    Execution Region ER_RO (Base: 0x00000000, Size: 0x00000374, Max: 0xffffffff, ABSOLUTE)

    Base Addr    Size         Type   Attr      Idx    E Section Name        Object

    0x00000000   0x00000008   Code   RO           19  * !!!main             c_t.l(__main.o)
    0x00000008   0x00000006   Code   RO           46    .ARM.Collect$$libinit$$00000000  c_t.l(libinit.o)
    0x0000000e   0x00000000   Code   RO           54    .ARM.Collect$$libinit$$00000006  c_t.l(libinit2.o)
    0x0000000e   0x00000000   Code   RO           56    .ARM.Collect$$libinit$$00000008  c_t.l(libinit2.o)
    0x0000000e   0x00000000   Code   RO           58    .ARM.Collect$$libinit$$0000000A  c_t.l(libinit2.o)
    0x0000000e   0x00000000   Code   RO           61    .ARM.Collect$$libinit$$0000000D  c_t.l(libinit2.o)
    0x0000000e   0x00000000   Code   RO           63    .ARM.Collect$$libinit$$0000000F  c_t.l(libinit2.o)
    0x0000000e   0x00000000   Code   RO           65    .ARM.Collect$$libinit$$00000011  c_t.l(libinit2.o)
    0x0000000e   0x00000000   Code   RO           67    .ARM.Collect$$libinit$$00000013  c_t.l(libinit2.o)
    0x0000000e   0x00000000   Code   RO           69    .ARM.Collect$$libinit$$00000015  c_t.l(libinit2.o)
    0x0000000e   0x00000000   Code   RO           71    .ARM.Collect$$libinit$$00000017  c_t.l(libinit2.o)
    0x0000000e   0x00000000   Code   RO           73    .ARM.Collect$$libinit$$00000019  c_t.l(libinit2.o)
    0x0000000e   0x00000000   Code   RO           75    .ARM.Collect$$libinit$$0000001B  c_t.l(libinit2.o)
    0x0000000e   0x00000000   Code   RO           77    .ARM.Collect$$libinit$$0000001D  c_t.l(libinit2.o)
    0x0000000e   0x00000000   Code   RO           79    .ARM.Collect$$libinit$$0000001F  c_t.l(libinit2.o)
    0x0000000e   0x00000000   Code   RO           81    .ARM.Collect$$libinit$$00000021  c_t.l(libinit2.o)
    0x0000000e   0x00000008   Code   RO           83    .ARM.Collect$$libinit$$00000023  c_t.l(libinit2.o)
    0x00000016   0x00000000   Code   RO           87    .ARM.Collect$$libinit$$0000002A  c_t.l(libinit2.o)
    0x00000016   0x00000000   Code   RO           89    .ARM.Collect$$libinit$$0000002C  c_t.l(libinit2.o)
    0x00000016   0x00000000   Code   RO           91    .ARM.Collect$$libinit$$0000002E  c_t.l(libinit2.o)
    0x00000016   0x0000000c   Code   RO           92    .ARM.Collect$$libinit$$0000002F  c_t.l(libinit2.o)
    0x00000022   0x00000004   Code   RO          117    .ARM.Collect$$libshutdown$$00000000  c_t.l(libshutdown.o)
    0x00000026   0x00000000   Code   RO          131    .ARM.Collect$$libshutdown$$00000003  c_t.l(libshutdown2.o)
    0x00000026   0x00000000   Code   RO          134    .ARM.Collect$$libshutdown$$00000006  c_t.l(libshutdown2.o)
    0x00000026   0x00000000   Code   RO          137    .ARM.Collect$$libshutdown$$00000009  c_t.l(libshutdown2.o)
    0x00000026   0x00000000   Code   RO          139    .ARM.Collect$$libshutdown$$0000000B  c_t.l(libshutdown2.o)
    0x00000026   0x00000000   Code   RO          142    .ARM.Collect$$libshutdown$$0000000E  c_t.l(libshutdown2.o)
    0x00000026   0x00000006   Code   RO          143    .ARM.Collect$$libshutdown$$0000000F  c_t.l(libshutdown2.o)
    0x0000002c   0x00000000   Code   RO           21    .ARM.Collect$$rtentry$$00000000  c_t.l(rtentry.o)
    0x0000002c   0x00000000   Code   RO           23    .ARM.Collect$$rtentry$$00000002  c_t.l(rtentry2.o)
    0x0000002c   0x00000008   Code   RO           35    .ARM.Collect$$rtentry$$00000004  c_t.l(rtentry4.o)
    0x00000034   0x00000000   Code   RO           25    .ARM.Collect$$rtentry$$00000009  c_t.l(rtentry2.o)
    0x00000034   0x00000004   Code   RO           26    .ARM.Collect$$rtentry$$0000000A  c_t.l(rtentry2.o)
    0x00000038   0x00000000   Code   RO           28    .ARM.Collect$$rtentry$$0000000C  c_t.l(rtentry2.o)
    0x00000038   0x00000028   Code   RO           29    .ARM.Collect$$rtentry$$0000000D  c_t.l(rtentry2.o)
    0x00000060   0x00000004   Code   RO           50    .ARM.Collect$$rtexit$$00000000  c_t.l(rtexit.o)
    0x00000064   0x00000000   Code   RO           96    .ARM.Collect$$rtexit$$00000002  c_t.l(rtexit2.o)
    0x00000064   0x00000004   Code   RO           97    .ARM.Collect$$rtexit$$00000003  c_t.l(rtexit2.o)
    0x00000068   0x00000008   Code   RO           98    .ARM.Collect$$rtexit$$00000004  c_t.l(rtexit2.o)
    0x00000070   0x00000010   Code   RO          107    .emb_text           c_t.l(argv_veneer.o)
    0x00000080   0x00000020   Code   RO            4    .text               startup.o
    0x000000a0   0x00000006   Code   RO           17    .text               c_t.l(heapauxi.o)
    0x000000a6   0x00000002   PAD
    0x000000a8   0x00000060   Code   RO           37    .text               c_t.l(sys_stackheap_outer.o)
    0x00000108   0x0000000c   Code   RO           39    .text               c_t.l(exit.o)
    0x00000114   0x0000000c   Code   RO           47    .text               c_t.l(libspace.o)
    0x00000120   0x0000000c   Code   RO          105    .text               c_t.l(rt_fp_status_addr_intlibspace.o)
    0x0000012c   0x0000000c   Code   RO          109    .text               c_t.l(sys_exit.o)
    0x00000138   0x00000140   Code   RO          113    .text               c_t.l(_get_argv_nomalloc.o)
    0x00000278   0x0000001e   Code   RO          118    .text               c_t.l(sys_command.o)
    0x00000296   0x00000002   PAD
    0x00000298   0x00000004   Code   RO          120    .text               c_t.l(use_no_semi.o)
    0x0000029c   0x00000000   Code   RO          122    .text               c_t.l(indicate_semi.o)
    0x0000029c   0x00000004   Code   RO          123    .text               c_t.l(hrguard.o)
    0x000002a0   0x00000010   Code   RO          125    .text               c_t.l(defsig_rtmem_outer.o)
    0x000002b0   0x00000010   Code   RO          146    .text               c_t.l(defsig_exit.o)
    0x000002c0   0x00000054   Code   RO          148    .text               c_t.l(defsig_rtmem_inner.o)
    0x00000314   0x00000038   Code   RO          154    .text               c_t.l(defsig_general.o)
    0x0000034c   0x00000010   Code   RO          156    .text               c_t.l(sys_wrch.o)
    0x0000035c   0x00000018   Code   RO           93    x$fpl$fpinit        fz_ts.l(fpinit.o)
    0x00000374   0x00000000   Data   RO          176    Region$$Table       anon$$obj.o


    Execution Region ER_RW (Base: 0x40000000, Size: 0x00000000, Max: 0xffffffff, ABSOLUTE)

    **** No section assigned to this execution region ****


    Execution Region ER_ZI (Base: 0x40000000, Size: 0x000004e8, Max: 0xffffffff, ABSOLUTE)

    Base Addr    Size         Type   Attr      Idx    E Section Name        Object

    0x40000000   0x00000060   Zero   RW           48    .bss                c_t.l(libspace.o)
    0x40000060   0x00000000   Zero   RW            2    HEAP                startup.o
    0x40000060   0x00000488   Zero   RW            1    STACK               startup.o

