<html>
<body>
<pre>
<h1>µVision Build Log</h1>
<h2>Project:</h2>
E:\v24be5r2\v24be5r2\ARM\SPI\spi_project\spi_mcp3204_adc.uvproj
Project File Date:  04/27/2025

<h2>Output:</h2>
Build target 'Target 1'
assembling Startup.s...
compiling main.c...
header.h(22): warning:  #1295-D: Deprecated declaration uart0_rx_integer - give arg types
header.h(23): warning:  #1295-D: Deprecated declaration uart0_rx_float - give arg types
header.h(31): error:  #20: identifier "u8" is undefined
main.c(13): warning:  #1-D: last line of file ends without a newline
compiling uart0driver.c...
..\..\practice\header.h(22): warning:  #1295-D: Deprecated declaration uart0_rx_integer - give arg types
..\..\practice\header.h(23): warning:  #1295-D: Deprecated declaration uart0_rx_float - give arg types
..\..\practice\uart0driver.c(107): warning:  #174-D: expression has no effect
..\..\practice\uart0driver.c(125): warning:  #174-D: expression has no effect
..\..\practice\uart0driver.c(130): warning:  #174-D: expression has no effect
..\..\practice\uart0driver.c(135): warning:  #174-D: expression has no effect
compiling delay.c...
..\..\practice\header.h(22): warning:  #1295-D: Deprecated declaration uart0_rx_integer - give arg types
..\..\practice\header.h(23): warning:  #1295-D: Deprecated declaration uart0_rx_float - give arg types
compiling lcd_4bit_driver.c...
..\..\practice\header.h(22): warning:  #1295-D: Deprecated declaration uart0_rx_integer - give arg types
..\..\practice\header.h(23): warning:  #1295-D: Deprecated declaration uart0_rx_float - give arg types
compiling spi0_driver.c...
spi0_driver.c(3): error:  #13: expected a file name
compiling mcp3204_driver.c...
header.h(22): warning:  #1295-D: Deprecated declaration uart0_rx_integer - give arg types
header.h(23): warning:  #1295-D: Deprecated declaration uart0_rx_float - give arg types
header.h(31): error:  #20: identifier "u8" is undefined
mcp3204_driver.c(10): error:  #20: identifier "bytel" is undefined
mcp3204_driver.c(16): warning:  #1-D: last line of file ends without a newline
Target not created
Build target 'Target 1'
compiling main.c...
header.h(22): warning:  #1295-D: Deprecated declaration uart0_rx_integer - give arg types
header.h(23): warning:  #1295-D: Deprecated declaration uart0_rx_float - give arg types
main.c(13): warning:  #1-D: last line of file ends without a newline
compiling spi0_driver.c...
header.h(22): warning:  #1295-D: Deprecated declaration uart0_rx_integer - give arg types
header.h(23): warning:  #1295-D: Deprecated declaration uart0_rx_float - give arg types
spi0_driver.c(22): error:  #20: identifier "u8" is undefined
spi0_driver.c(26): warning:  #1-D: last line of file ends without a newline
compiling mcp3204_driver.c...
header.h(22): warning:  #1295-D: Deprecated declaration uart0_rx_integer - give arg types
header.h(23): warning:  #1295-D: Deprecated declaration uart0_rx_float - give arg types
mcp3204_driver.c(16): warning:  #1-D: last line of file ends without a newline
Target not created
Build target 'Target 1'
compiling spi0_driver.c...
header.h(22): warning:  #1295-D: Deprecated declaration uart0_rx_integer - give arg types
header.h(23): warning:  #1295-D: Deprecated declaration uart0_rx_float - give arg types
spi0_driver.c(26): warning:  #1-D: last line of file ends without a newline
linking...
Program Size: Code=4408 RO-data=16 RW-data=0 ZI-data=1256  
FromELF: creating hex file...
"spi_mcp3204_adc.axf" - 0 Error(s), 3 Warning(s).
Build target 'Target 1'
assembling Startup.s...
compiling main.c...
header.h(22): warning:  #1295-D: Deprecated declaration uart0_rx_integer - give arg types
header.h(23): warning:  #1295-D: Deprecated declaration uart0_rx_float - give arg types
main.c(13): warning:  #1-D: last line of file ends without a newline
compiling uart0driver.c...
..\..\practice\header.h(22): warning:  #1295-D: Deprecated declaration uart0_rx_integer - give arg types
..\..\practice\header.h(23): warning:  #1295-D: Deprecated declaration uart0_rx_float - give arg types
..\..\practice\uart0driver.c(107): warning:  #174-D: expression has no effect
..\..\practice\uart0driver.c(125): warning:  #174-D: expression has no effect
..\..\practice\uart0driver.c(130): warning:  #174-D: expression has no effect
..\..\practice\uart0driver.c(135): warning:  #174-D: expression has no effect
compiling delay.c...
..\..\practice\header.h(22): warning:  #1295-D: Deprecated declaration uart0_rx_integer - give arg types
..\..\practice\header.h(23): warning:  #1295-D: Deprecated declaration uart0_rx_float - give arg types
compiling lcd_4bit_driver.c...
..\..\practice\header.h(22): warning:  #1295-D: Deprecated declaration uart0_rx_integer - give arg types
..\..\practice\header.h(23): warning:  #1295-D: Deprecated declaration uart0_rx_float - give arg types
compiling spi0_driver.c...
header.h(22): warning:  #1295-D: Deprecated declaration uart0_rx_integer - give arg types
header.h(23): warning:  #1295-D: Deprecated declaration uart0_rx_float - give arg types
compiling mcp3204_driver.c...
header.h(22): warning:  #1295-D: Deprecated declaration uart0_rx_integer - give arg types
header.h(23): warning:  #1295-D: Deprecated declaration uart0_rx_float - give arg types
mcp3204_driver.c(16): warning:  #1-D: last line of file ends without a newline
linking...
Program Size: Code=4408 RO-data=16 RW-data=0 ZI-data=1256  
FromELF: creating hex file...
"spi_mcp3204_adc.axf" - 0 Error(s), 18 Warning(s).
Build target 'Target 1'
assembling Startup.s...
compiling main.c...
header.h(22): warning:  #1295-D: Deprecated declaration uart0_rx_integer - give arg types
header.h(23): warning:  #1295-D: Deprecated declaration uart0_rx_float - give arg types
main.c(13): warning:  #1-D: last line of file ends without a newline
compiling uart0driver.c...
..\..\practice\header.h(22): warning:  #1295-D: Deprecated declaration uart0_rx_integer - give arg types
..\..\practice\header.h(23): warning:  #1295-D: Deprecated declaration uart0_rx_float - give arg types
..\..\practice\uart0driver.c(107): warning:  #174-D: expression has no effect
..\..\practice\uart0driver.c(125): warning:  #174-D: expression has no effect
..\..\practice\uart0driver.c(130): warning:  #174-D: expression has no effect
..\..\practice\uart0driver.c(135): warning:  #174-D: expression has no effect
compiling delay.c...
..\..\practice\header.h(22): warning:  #1295-D: Deprecated declaration uart0_rx_integer - give arg types
..\..\practice\header.h(23): warning:  #1295-D: Deprecated declaration uart0_rx_float - give arg types
compiling lcd_4bit_driver.c...
..\..\practice\header.h(22): warning:  #1295-D: Deprecated declaration uart0_rx_integer - give arg types
..\..\practice\header.h(23): warning:  #1295-D: Deprecated declaration uart0_rx_float - give arg types
compiling spi0_driver.c...
header.h(22): warning:  #1295-D: Deprecated declaration uart0_rx_integer - give arg types
header.h(23): warning:  #1295-D: Deprecated declaration uart0_rx_float - give arg types
compiling mcp3204_driver.c...
header.h(22): warning:  #1295-D: Deprecated declaration uart0_rx_integer - give arg types
header.h(23): warning:  #1295-D: Deprecated declaration uart0_rx_float - give arg types
linking...
Program Size: Code=4408 RO-data=16 RW-data=0 ZI-data=1256  
FromELF: creating hex file...
"spi_mcp3204_adc.axf" - 0 Error(s), 17 Warning(s).
Build target 'Target 1'
assembling Startup.s...
compiling main.c...
header.h(22): warning:  #1295-D: Deprecated declaration uart0_rx_integer - give arg types
header.h(23): warning:  #1295-D: Deprecated declaration uart0_rx_float - give arg types
compiling uart0driver.c...
..\..\practice\header.h(22): warning:  #1295-D: Deprecated declaration uart0_rx_integer - give arg types
..\..\practice\header.h(23): warning:  #1295-D: Deprecated declaration uart0_rx_float - give arg types
..\..\practice\uart0driver.c(107): warning:  #174-D: expression has no effect
..\..\practice\uart0driver.c(125): warning:  #174-D: expression has no effect
..\..\practice\uart0driver.c(130): warning:  #174-D: expression has no effect
..\..\practice\uart0driver.c(135): warning:  #174-D: expression has no effect
compiling delay.c...
..\..\practice\header.h(22): warning:  #1295-D: Deprecated declaration uart0_rx_integer - give arg types
..\..\practice\header.h(23): warning:  #1295-D: Deprecated declaration uart0_rx_float - give arg types
compiling lcd_4bit_driver.c...
..\..\practice\header.h(22): warning:  #1295-D: Deprecated declaration uart0_rx_integer - give arg types
..\..\practice\header.h(23): warning:  #1295-D: Deprecated declaration uart0_rx_float - give arg types
compiling spi0_driver.c...
header.h(22): warning:  #1295-D: Deprecated declaration uart0_rx_integer - give arg types
header.h(23): warning:  #1295-D: Deprecated declaration uart0_rx_float - give arg types
compiling mcp3204_driver.c...
header.h(22): warning:  #1295-D: Deprecated declaration uart0_rx_integer - give arg types
header.h(23): warning:  #1295-D: Deprecated declaration uart0_rx_float - give arg types
linking...
Program Size: Code=4408 RO-data=16 RW-data=0 ZI-data=1256  
FromELF: creating hex file...
"spi_mcp3204_adc.axf" - 0 Error(s), 16 Warning(s).
Build target 'Target 1'
assembling Startup.s...
compiling main.c...
header.h(22): warning:  #1295-D: Deprecated declaration uart0_rx_integer - give arg types
header.h(23): warning:  #1295-D: Deprecated declaration uart0_rx_float - give arg types
compiling uart0driver.c...
..\..\practice\header.h(22): warning:  #1295-D: Deprecated declaration uart0_rx_integer - give arg types
..\..\practice\header.h(23): warning:  #1295-D: Deprecated declaration uart0_rx_float - give arg types
..\..\practice\uart0driver.c(107): warning:  #174-D: expression has no effect
..\..\practice\uart0driver.c(125): warning:  #174-D: expression has no effect
..\..\practice\uart0driver.c(130): warning:  #174-D: expression has no effect
..\..\practice\uart0driver.c(135): warning:  #174-D: expression has no effect
compiling delay.c...
..\..\practice\header.h(22): warning:  #1295-D: Deprecated declaration uart0_rx_integer - give arg types
..\..\practice\header.h(23): warning:  #1295-D: Deprecated declaration uart0_rx_float - give arg types
compiling lcd_4bit_driver.c...
..\..\practice\header.h(22): warning:  #1295-D: Deprecated declaration uart0_rx_integer - give arg types
..\..\practice\header.h(23): warning:  #1295-D: Deprecated declaration uart0_rx_float - give arg types
compiling spi0_driver.c...
header.h(22): warning:  #1295-D: Deprecated declaration uart0_rx_integer - give arg types
header.h(23): warning:  #1295-D: Deprecated declaration uart0_rx_float - give arg types
compiling mcp3204_driver.c...
header.h(22): warning:  #1295-D: Deprecated declaration uart0_rx_integer - give arg types
header.h(23): warning:  #1295-D: Deprecated declaration uart0_rx_float - give arg types
linking...
Program Size: Code=4564 RO-data=16 RW-data=0 ZI-data=1256  
FromELF: creating hex file...
"spi_mcp3204_adc.axf" - 0 Error(s), 16 Warning(s).
Build target 'Target 1'
assembling Startup.s...
compiling main.c...
header.h(22): warning:  #1295-D: Deprecated declaration uart0_rx_integer - give arg types
header.h(23): warning:  #1295-D: Deprecated declaration uart0_rx_float - give arg types
compiling uart0driver.c...
..\..\practice\header.h(22): warning:  #1295-D: Deprecated declaration uart0_rx_integer - give arg types
..\..\practice\header.h(23): warning:  #1295-D: Deprecated declaration uart0_rx_float - give arg types
..\..\practice\uart0driver.c(107): warning:  #174-D: expression has no effect
..\..\practice\uart0driver.c(125): warning:  #174-D: expression has no effect
..\..\practice\uart0driver.c(130): warning:  #174-D: expression has no effect
..\..\practice\uart0driver.c(135): warning:  #174-D: expression has no effect
compiling delay.c...
..\..\practice\header.h(22): warning:  #1295-D: Deprecated declaration uart0_rx_integer - give arg types
..\..\practice\header.h(23): warning:  #1295-D: Deprecated declaration uart0_rx_float - give arg types
compiling lcd_4bit_driver.c...
..\..\practice\header.h(22): warning:  #1295-D: Deprecated declaration uart0_rx_integer - give arg types
..\..\practice\header.h(23): warning:  #1295-D: Deprecated declaration uart0_rx_float - give arg types
compiling spi0_driver.c...
header.h(22): warning:  #1295-D: Deprecated declaration uart0_rx_integer - give arg types
header.h(23): warning:  #1295-D: Deprecated declaration uart0_rx_float - give arg types
compiling mcp3204_driver.c...
header.h(22): warning:  #1295-D: Deprecated declaration uart0_rx_integer - give arg types
header.h(23): warning:  #1295-D: Deprecated declaration uart0_rx_float - give arg types
linking...
Program Size: Code=4564 RO-data=16 RW-data=0 ZI-data=1256  
FromELF: creating hex file...
"spi_mcp3204_adc.axf" - 0 Error(s), 16 Warning(s).
Build target 'Target 1'
compiling main.c...
header.h(22): warning:  #1295-D: Deprecated declaration uart0_rx_integer - give arg types
header.h(23): warning:  #1295-D: Deprecated declaration uart0_rx_float - give arg types
main.c(16): error:  #29: expected an expression
main.c(16): warning:  #1293-D: assignment in condition
Target not created
Build target 'Target 1'
compiling main.c...
header.h(22): warning:  #1295-D: Deprecated declaration uart0_rx_integer - give arg types
header.h(23): warning:  #1295-D: Deprecated declaration uart0_rx_float - give arg types
main.c(16): warning:  #186-D: pointless comparison of unsigned integer with zero
linking...
Program Size: Code=4756 RO-data=16 RW-data=0 ZI-data=1256  
FromELF: creating hex file...
"spi_mcp3204_adc.axf" - 0 Error(s), 3 Warning(s).
Build target 'Target 1'
compiling main.c...
header.h(22): warning:  #1295-D: Deprecated declaration uart0_rx_integer - give arg types
header.h(23): warning:  #1295-D: Deprecated declaration uart0_rx_float - give arg types
linking...
Program Size: Code=4760 RO-data=16 RW-data=0 ZI-data=1256  
FromELF: creating hex file...
"spi_mcp3204_adc.axf" - 0 Error(s), 2 Warning(s).
Build target 'Target 1'
compiling main.c...
header.h(22): warning:  #1295-D: Deprecated declaration uart0_rx_integer - give arg types
header.h(23): warning:  #1295-D: Deprecated declaration uart0_rx_float - give arg types
linking...
Program Size: Code=4752 RO-data=16 RW-data=0 ZI-data=1256  
FromELF: creating hex file...
"spi_mcp3204_adc.axf" - 0 Error(s), 2 Warning(s).
Build target 'Target 1'
compiling main.c...
header.h(22): warning:  #1295-D: Deprecated declaration uart0_rx_integer - give arg types
header.h(23): warning:  #1295-D: Deprecated declaration uart0_rx_float - give arg types
linking...
Program Size: Code=4972 RO-data=16 RW-data=0 ZI-data=1256  
FromELF: creating hex file...
"spi_mcp3204_adc.axf" - 0 Error(s), 2 Warning(s).
Build target 'Target 1'
assembling Startup.s...
compiling main.c...
header.h(22): warning:  #1295-D: Deprecated declaration uart0_rx_integer - give arg types
header.h(23): warning:  #1295-D: Deprecated declaration uart0_rx_float - give arg types
compiling uart0driver.c...
..\..\practice\header.h(22): warning:  #1295-D: Deprecated declaration uart0_rx_integer - give arg types
..\..\practice\header.h(23): warning:  #1295-D: Deprecated declaration uart0_rx_float - give arg types
..\..\practice\uart0driver.c(107): warning:  #174-D: expression has no effect
..\..\practice\uart0driver.c(125): warning:  #174-D: expression has no effect
..\..\practice\uart0driver.c(130): warning:  #174-D: expression has no effect
..\..\practice\uart0driver.c(135): warning:  #174-D: expression has no effect
compiling delay.c...
..\..\practice\header.h(22): warning:  #1295-D: Deprecated declaration uart0_rx_integer - give arg types
..\..\practice\header.h(23): warning:  #1295-D: Deprecated declaration uart0_rx_float - give arg types
compiling lcd_4bit_driver.c...
..\..\practice\header.h(22): warning:  #1295-D: Deprecated declaration uart0_rx_integer - give arg types
..\..\practice\header.h(23): warning:  #1295-D: Deprecated declaration uart0_rx_float - give arg types
compiling spi0_driver.c...
header.h(22): warning:  #1295-D: Deprecated declaration uart0_rx_integer - give arg types
header.h(23): warning:  #1295-D: Deprecated declaration uart0_rx_float - give arg types
compiling mcp3204_driver.c...
header.h(22): warning:  #1295-D: Deprecated declaration uart0_rx_integer - give arg types
header.h(23): warning:  #1295-D: Deprecated declaration uart0_rx_float - give arg types
linking...
Program Size: Code=4972 RO-data=16 RW-data=0 ZI-data=1256  
FromELF: creating hex file...
"spi_mcp3204_adc.axf" - 0 Error(s), 16 Warning(s).
Build target 'Target 1'
compiling main.c...
compiling spi0_driver.c...
compiling mcp3204_driver.c...
linking...
Program Size: Code=4972 RO-data=16 RW-data=0 ZI-data=1256  
FromELF: creating hex file...
"spi_mcp3204_adc.axf" - 0 Error(s), 0 Warning(s).
Build target 'Target 1'
assembling Startup.s...
compiling main.c...
compiling uart0driver.c...
..\..\practice\header.h(22): warning:  #1295-D: Deprecated declaration uart0_rx_integer - give arg types
..\..\practice\header.h(23): warning:  #1295-D: Deprecated declaration uart0_rx_float - give arg types
..\..\practice\uart0driver.c(107): warning:  #174-D: expression has no effect
..\..\practice\uart0driver.c(125): warning:  #174-D: expression has no effect
..\..\practice\uart0driver.c(130): warning:  #174-D: expression has no effect
..\..\practice\uart0driver.c(135): warning:  #174-D: expression has no effect
compiling delay.c...
..\..\practice\header.h(22): warning:  #1295-D: Deprecated declaration uart0_rx_integer - give arg types
..\..\practice\header.h(23): warning:  #1295-D: Deprecated declaration uart0_rx_float - give arg types
compiling lcd_4bit_driver.c...
..\..\practice\header.h(22): warning:  #1295-D: Deprecated declaration uart0_rx_integer - give arg types
..\..\practice\header.h(23): warning:  #1295-D: Deprecated declaration uart0_rx_float - give arg types
compiling spi0_driver.c...
compiling mcp3204_driver.c...
linking...
Program Size: Code=4968 RO-data=16 RW-data=0 ZI-data=1256  
FromELF: creating hex file...
"spi_mcp3204_adc.axf" - 0 Error(s), 10 Warning(s).
Build target 'Target 1'
compiling uart0driver.c...
..\..\practice\uart0driver.c(107): warning:  #174-D: expression has no effect
..\..\practice\uart0driver.c(125): warning:  #174-D: expression has no effect
..\..\practice\uart0driver.c(130): warning:  #174-D: expression has no effect
..\..\practice\uart0driver.c(135): warning:  #174-D: expression has no effect
compiling delay.c...
compiling lcd_4bit_driver.c...
linking...
Program Size: Code=4968 RO-data=16 RW-data=0 ZI-data=1256  
FromELF: creating hex file...
"spi_mcp3204_adc.axf" - 0 Error(s), 4 Warning(s).
Build target 'Target 1'
compiling uart0driver.c...
..\..\practice\uart0driver.c(125): warning:  #174-D: expression has no effect
..\..\practice\uart0driver.c(130): warning:  #174-D: expression has no effect
..\..\practice\uart0driver.c(135): warning:  #174-D: expression has no effect
linking...
Program Size: Code=4968 RO-data=16 RW-data=0 ZI-data=1256  
FromELF: creating hex file...
"spi_mcp3204_adc.axf" - 0 Error(s), 3 Warning(s).
Build target 'Target 1'
assembling Startup.s...
compiling main.c...
compiling uart0driver.c...
..\..\practice\uart0driver.c(135): warning:  #174-D: expression has no effect
compiling delay.c...
compiling lcd_4bit_driver.c...
compiling spi0_driver.c...
compiling mcp3204_driver.c...
linking...
Program Size: Code=4968 RO-data=16 RW-data=0 ZI-data=1256  
FromELF: creating hex file...
"spi_mcp3204_adc.axf" - 0 Error(s), 1 Warning(s).
Build target 'Target 1'
assembling Startup.s...
compiling main.c...
compiling uart0driver.c...
compiling delay.c...
compiling lcd_4bit_driver.c...
compiling spi0_driver.c...
compiling mcp3204_driver.c...
linking...
Program Size: Code=4968 RO-data=16 RW-data=0 ZI-data=1256  
FromELF: creating hex file...
"spi_mcp3204_adc.axf" - 0 Error(s), 0 Warning(s).
