<html>
<body>
<pre>
<h1>µVision Build Log</h1>
<h2>Project:</h2>
E:\v24be5r2\v24be5\ARM\LCD4bit_interfacing\lcd4bit.uvproj
Project File Date:  02/06/2025

<h2>Output:</h2>
Build target 'Target 1'
compiling lcd4bitDriver.c...
compiling delay.c...
linking...
Program Size: Code=1408 RO-data=16 RW-data=0 ZI-data=1256  
FromELF: creating hex file...
"lcd4bit.axf" - 0 Error(s), 0 Warning(s).
Build target 'Target 1'
assembling Startup.s...
compiling lcd4bitDriver.c...
compiling main.c...
compiling delay.c...
linking...
Program Size: Code=1408 RO-data=16 RW-data=0 ZI-data=1256  
FromELF: creating hex file...
"lcd4bit.axf" - 0 Error(s), 0 Warning(s).
