<html>
<body>
<pre>
<h1>µVision Build Log</h1>
<h2>Project:</h2>
E:\v24be5r2\v24be5\ARM\lcd.uvproj
Project File Date:  02/01/2025

<h2>Output:</h2>
Build target 'Target 1'
assembling Startup.s...
compiling main.c...
main.c(2): error:  #5: cannot open source input file "header.h": No such file or directory
compiling delay.c...
delay.c(18): warning:  #1-D: last line of file ends without a newline
compiling lcd_8bit_driver.c...
lcd_8bit_driver.c(10): warning:  #223-D: function "delay_ms" declared implicitly
lcd_8bit_driver.c(21): warning:  #223-D: function "delay_ms" declared implicitly
lcd_8bit_driver.c(27): error:  #20: identifier "ox7FF" is undefined
Target not created
Build target 'Target 1'
compiling main.c...
main.c(2): error:  #5: cannot open source input file "header.h": No such file or directory
compiling lcd_8bit_driver.c...
lcd_8bit_driver.c(10): warning:  #223-D: function "delay_ms" declared implicitly
lcd_8bit_driver.c(21): warning:  #223-D: function "delay_ms" declared implicitly
Target not created
Build target 'Target 1'
compiling main.c...
main.c(2): error:  #5: cannot open source input file "header.h": No such file or directory
Target not created
Build target 'Target 1'
compiling main.c...
lcd_header.h(4): error:  #92: identifier-list parameters may only be used in a function definition
lcd_header.h(5): warning:  #1-D: last line of file ends without a newline
lcd_header.h(5): error:  #92: identifier-list parameters may only be used in a function definition
main.c(4): warning:  #951-D: return type of function "main" must be "int"
main.c(7): warning:  #1-D: last line of file ends without a newline
compiling delay.c...
delay.c(18): warning:  #1-D: last line of file ends without a newline
Target not created
Build target 'Target 1'
compiling main.c...
lcd_header.h(4): error:  #92: identifier-list parameters may only be used in a function definition
lcd_header.h(5): warning:  #1-D: last line of file ends without a newline
lcd_header.h(5): error:  #92: identifier-list parameters may only be used in a function definition
main.c(4): warning:  #951-D: return type of function "main" must be "int"
compiling delay.c...
compiling lcd_8bit_driver.c...
lcd_8bit_driver.c(10): warning:  #223-D: function "delay_ms" declared implicitly
lcd_8bit_driver.c(21): warning:  #223-D: function "delay_ms" declared implicitly
Target not created
Build target 'Target 1'
compiling main.c...
lcd_header.h(4): error:  #92: identifier-list parameters may only be used in a function definition
lcd_header.h(5): warning:  #1-D: last line of file ends without a newline
lcd_header.h(5): error:  #92: identifier-list parameters may only be used in a function definition
main.c(4): warning:  #951-D: return type of function "main" must be "int"
Target not created
Build target 'Target 1'
compiling main.c...
lcd_header.h(4): error:  #92: identifier-list parameters may only be used in a function definition
lcd_header.h(5): warning:  #1-D: last line of file ends without a newline
lcd_header.h(5): error:  #92: identifier-list parameters may only be used in a function definition
main.c(4): warning:  #951-D: return type of function "main" must be "int"
Target not created
Build target 'Target 1'
compiling main.c...
lcd_header.h(4): error:  #92: identifier-list parameters may only be used in a function definition
lcd_header.h(5): warning:  #1-D: last line of file ends without a newline
lcd_header.h(5): error:  #92: identifier-list parameters may only be used in a function definition
main.c(4): warning:  #951-D: return type of function "main" must be "int"
Target not created
Build target 'Target 1'
compiling main.c...
lcd_header.h(4): error:  #92: identifier-list parameters may only be used in a function definition
lcd_header.h(5): warning:  #1-D: last line of file ends without a newline
lcd_header.h(5): error:  #92: identifier-list parameters may only be used in a function definition
Target not created
Build target 'Target 1'
compiling main.c...
lcd_header.h(4): error:  #20: identifier "usigned" is undefined
lcd_header.h(4): error:  #84: invalid combination of type specifiers
Target not created
Build target 'Target 1'
compiling main.c...
linking...
lcd.axf: Error: L6218E: Undefined symbol delay_ms (referred from lcd_8bit_driver.o).
Target not created
Build target 'Target 1'
compiling lcd_8bit_driver.c...
linking...
lcd.axf: Error: L6218E: Undefined symbol delay_ms (referred from lcd_8bit_driver.o).
Target not created
Build target 'Target 1'
compiling lcd_8bit_driver.c...
linking...
lcd.axf: Error: L6218E: Undefined symbol delay_ms (referred from lcd_8bit_driver.o).
Target not created
Build target 'Target 1'
compiling delay.c...
linking...
Program Size: Code=1128 RO-data=16 RW-data=0 ZI-data=1256  
FromELF: creating hex file...
"lcd.axf" - 0 Error(s), 0 Warning(s).
Build target 'Target 1'
compiling delay.c...
linking...
Program Size: Code=1128 RO-data=16 RW-data=0 ZI-data=1256  
FromELF: creating hex file...
"lcd.axf" - 0 Error(s), 0 Warning(s).
Build target 'Target 1'
compiling delay.c...
linking...
Program Size: Code=1128 RO-data=16 RW-data=0 ZI-data=1256  
FromELF: creating hex file...
"lcd.axf" - 0 Error(s), 0 Warning(s).
Build target 'Target 1'
linking...
Program Size: Code=1128 RO-data=16 RW-data=0 ZI-data=1256  
FromELF: creating hex file...
"lcd.axf" - 0 Error(s), 0 Warning(s).
Build target 'Target 1'
compiling main.c...
main.c(4): error:  #130: expected a "{"
main.c(7): error:  #118: a void function may not return a value
compiling lcd_8bit_driver.c...
lcd_8bit_driver.c(3): error:  #130: expected a "{"
lcd_8bit_driver.c(5): error:  #20: identifier "data" is undefined
lcd_8bit_driver.c(33): error:  #247: function "lcd_str" has already been defined
lcd_8bit_driver.c(36): warning:  #1-D: last line of file ends without a newline
Target not created
Build target 'Target 1'
compiling main.c...
compiling lcd_8bit_driver.c...
lcd_8bit_driver.c(33): error:  #147-D: declaration is incompatible with "void lcd_str(char *)" (declared at line 6 of "lcd_header.h")
lcd_8bit_driver.c(36): warning:  #1-D: last line of file ends without a newline
Target not created
Build target 'Target 1'
compiling lcd_8bit_driver.c...
lcd_8bit_driver.c(33): error:  #147-D: declaration is incompatible with "void lcd_str(char *)" (declared at line 6 of "lcd_header.h")
Target not created
Build target 'Target 1'
compiling lcd_8bit_driver.c...
lcd_8bit_driver.c(33): error:  #147-D: declaration is incompatible with "void lcd_str(char *)" (declared at line 6 of "lcd_header.h")
Target not created
Build target 'Target 1'
compiling lcd_8bit_driver.c...
lcd_8bit_driver.c(33): error:  #147-D: declaration is incompatible with "void lcd_str(char *)" (declared at line 6 of "lcd_header.h")
Target not created
Build target 'Target 1'
compiling main.c...
compiling lcd_8bit_driver.c...
linking...
Program Size: Code=1160 RO-data=16 RW-data=0 ZI-data=1256  
FromELF: creating hex file...
"lcd.axf" - 0 Error(s), 0 Warning(s).
Build target 'Target 1'
assembling Startup.s...
compiling main.c...
compiling delay.c...
compiling lcd_8bit_driver.c...
linking...
Program Size: Code=1160 RO-data=16 RW-data=0 ZI-data=1256  
FromELF: creating hex file...
"lcd.axf" - 0 Error(s), 0 Warning(s).
Build target 'Target 1'
compiling lcd_8bit_driver.c...
linking...
Program Size: Code=1168 RO-data=16 RW-data=0 ZI-data=1256  
FromELF: creating hex file...
"lcd.axf" - 0 Error(s), 0 Warning(s).
Build target 'Target 1'
assembling Startup.s...
compiling main.c...
compiling delay.c...
compiling lcd_8bit_driver.c...
linking...
Program Size: Code=1168 RO-data=16 RW-data=0 ZI-data=1256  
FromELF: creating hex file...
"lcd.axf" - 0 Error(s), 0 Warning(s).
Build target 'Target 1'
compiling lcd_8bit_driver.c...
linking...
Program Size: Code=1180 RO-data=16 RW-data=0 ZI-data=1256  
FromELF: creating hex file...
"lcd.axf" - 0 Error(s), 0 Warning(s).
Build target 'Target 1'
assembling Startup.s...
compiling main.c...
compiling delay.c...
compiling lcd_8bit_driver.c...
linking...
Program Size: Code=1180 RO-data=16 RW-data=0 ZI-data=1256  
FromELF: creating hex file...
"lcd.axf" - 0 Error(s), 0 Warning(s).
