<html>
<body>
<pre>
<h1>µVision Build Log</h1>
<h2>Project:</h2>
E:\v24be5r2\v24be5r2\ARM\project_rev_car_parking\can2_tx\can2_tx.uvproj
Project File Date:  05/17/2025

<h2>Output:</h2>
Build target 'Target 1'
compiling uart0_driver.c...
compiling eint0.c...
compiling nodeA_driver.c...
..\Node A (TX)\nodeA_driver.c(50): warning:  #1-D: last line of file ends without a newline
compiling nodeA_main.c...
linking...
Program Size: Code=4952 RO-data=52 RW-data=12 ZI-data=1276  
"can2_tx.axf" - 0 Error(s), 1 Warning(s).
Build target 'Target 1'
compiling nodeA_driver.c...
linking...
Program Size: Code=4952 RO-data=52 RW-data=12 ZI-data=1276  
"can2_tx.axf" - 0 Error(s), 0 Warning(s).
Build target 'Target 1'
linking...
Program Size: Code=4952 RO-data=52 RW-data=12 ZI-data=1276  
"can2_tx.axf" - 0 Error(s), 0 Warning(s).
Build target 'Target 1'
linking...
Program Size: Code=5224 RO-data=52 RW-data=12 ZI-data=1276  
FromELF: creating hex file...
"can2_tx.axf" - 0 Error(s), 0 Warning(s).
